iSAM
Call: isam -r -c isam_error.txt 
Date: Tue Apr 21 16:10:27 2015
Version: 2015-04-16 23:48:40 UTC (rev. c45efa5)
Copyright (c) 2012 - 2015, NIWA (www.niwa.co.nz)
Environment: machine:ANUBIS, user:Admin, os:Windows_NT, pid:8284

[ERROR] ..\source\Asserts\Children\Estimable.cpp(line: 78): Assert Failure: Estimable: process[Recruitment].R0 had actual value 997386 when we expected 1
[ERROR] ..\source\Asserts\Children\Estimable.cpp(line: 78): Assert Failure: Estimable: process[Recruitment].R0 had actual value 997386 when we expected 2
[ERROR] ..\source\Asserts\Children\Estimable.cpp(line: 78): Assert Failure: Estimable: process[Recruitment].R0 had actual value 997386 when we expected 3

********************************************************************************
********                     SUMMARY OF ERRORS                          ********
********************************************************************************
Printing 3 of 3 errors

#1: Assert Failure: Estimable: process[Recruitment].R0 had actual value 997386 when we expected 1
#2: Assert Failure: Estimable: process[Recruitment].R0 had actual value 997386 when we expected 2
#3: Assert Failure: Estimable: process[Recruitment].R0 had actual value 997386 when we expected 3

Total elapsed time: 1 second
Completed
